../Drivers/CMSIS/Include/core_cm4.h:2064:26:ITM_SendChar	16	static,ignoring_inline_asm
../Core/Src/main.c:22:5:_write	32	static
../Core/Src/main.c:31:5:main	24	static
../Core/Src/main.c:78:6:AccInit	24	static
../Core/Src/main.c:89:6:Accel_AccFilterConfig	24	static
../Core/Src/main.c:100:6:Accel_Ini	16	static
../Core/Src/main.c:120:9:Accel_ReadID	16	static
../Core/Src/main.c:126:6:Accel_ReadAcc	24	static
../Core/Src/main.c:154:9:Accel_IO_Read	16	static
../Core/Src/main.c:158:6:Accel_GetXYZ	40	static
../Core/Src/main.c:217:6:Accel_IO_Write	16	static
../Core/Src/main.c:221:9:I2Cx_ReadData	40	static
../Core/Src/main.c:239:6:I2Cx_WriteData	40	static
../Core/Src/main.c:263:6:SystemClock_Config	88	static
../Core/Src/main.c:310:6:MX_I2C1_Init	8	static
../Core/Src/main.c:344:6:MX_GPIO_Init	48	static
../Core/Src/main.c:384:6:Error_Handler	4	static,ignoring_inline_asm
