../Core/Src/main.c:92:6:start	8	static
../Core/Src/main.c:103:6:randomSortCurrentPositions	40	static
../Core/Src/main.c:119:6:randomSortNextPositions	32	static
../Core/Src/main.c:137:6:DrawBigX	40	static
../Core/Src/main.c:167:6:DrawCenteredBigX	32	static
../Core/Src/main.c:175:6:FillMatrix	24	static
../Core/Src/main.c:190:6:RenderMatrix	24	static
../Core/Src/main.c:201:6:SetGoal	24	static
../Core/Src/main.c:268:6:NextPosition	264	static
../Core/Src/main.c:315:6:RunEpoch	48	static
../Core/Src/main.c:350:5:main	8	static
../Core/Src/main.c:398:6:TIM4_IRQHandler	8	static
../Core/Src/main.c:416:6:SystemClock_Config	88	static
../Core/Src/main.c:462:13:MX_I2C1_Init	8	static
../Core/Src/main.c:496:13:MX_SPI1_Init	8	static
../Core/Src/main.c:534:6:MX_TIM4_Init	32	static
../Core/Src/main.c:579:13:MX_GPIO_Init	40	static
../Core/Src/main.c:612:6:Error_Handler	4	static,ignoring_inline_asm
