../Core/Src/main.c:40:6:renderGraints	32	static
../Core/Src/main.c:50:6:max7219_Transmit	24	static
../Core/Src/main.c:62:6:max7219_Display_Clean	8	static
../Core/Src/main.c:74:6:max7219_Init	8	static
../Core/Src/main.c:97:6:move	32	static
../Core/Src/main.c:119:5:main	8	static
../Core/Src/main.c:146:6:TIM3_IRQHandler	24	static
../Core/Src/main.c:167:6:SystemClock_Config	88	static
../Core/Src/main.c:213:13:MX_I2C1_Init	8	static
../Core/Src/main.c:247:13:MX_SPI1_Init	8	static
../Core/Src/main.c:285:13:MX_TIM3_Init	64	static
../Core/Src/main.c:344:13:MX_GPIO_Init	48	static
../Core/Src/main.c:380:6:Error_Handler	4	static,ignoring_inline_asm
